{"__type":"$$EventMessageAudit","id":"a3071627-2623-4ee2-b681-c5fcb2355e77","ts":"2026-09-09T10:02:21.805+00:00","eventName":"n8n.audit.workflow.updated","message":"n8n.audit.workflow.updated","payload":{"userId":"c17e4e51-fb03-4a49-8690-2eb153d72420","_email":"anurag.25scse1180671@galgotiasuniversity.ac.in","_firstName":"ANURAG","_lastName":"SHARMA","globalRole":"global:owner","workflowId":"fC5E99z5uUn0fKjT","workflowName":"Accisense alert"}}
{"__type":"$$EventMessageConfirm","confirm":"a3071627-2623-4ee2-b681-c5fcb2355e77","ts":"2026-09-09T10:02:21.805+00:00","source":{"id":"0","name":"eventBus"}}
{"__type":"$$EventMessageAudit","id":"eb555248-dc45-47ba-b71f-60845aa0deea","ts":"2026-09-09T06:04:57.979-04:00","eventName":"n8n.audit.workflow.updated","message":"n8n.audit.workflow.updated","payload":{"userId":"c17e4e51-fb03-4a49-8690-2eb153d72420","_email":"anurag.25scse1180671@galgotiasuniversity.ac.in","_firstName":"ANURAG","_lastName":"SHARMA","globalRole":"global:owner","workflowId":"syQ1650RVcPcjzXQ","workflowName":"Accisense Ack"}}
{"__type":"$$EventMessageConfirm","confirm":"eb555248-dc45-47ba-b71f-60845aa0deea","ts":"2026-09-09T06:04:57.979-04:00","source":{"id":"0","name":"eventBus"}}
{"__type":"$$EventMessageAudit","id":"53a9a493-739a-4d11-83e3-ecc166efae2f","ts":"2026-09-09T06:05:19.765-04:00","eventName":"n8n.audit.workflow.updated","message":"n8n.audit.workflow.updated","payload":{"userId":"c17e4e51-fb03-4a49-8690-2eb153d72420","_email":"anurag.25scse1180671@galgotiasuniversity.ac.in","_firstName":"ANURAG","_lastName":"SHARMA","globalRole":"global:owner","workflowId":"syQ1650RVcPcjzXQ","workflowName":"Accisense Ack"}}
{"__type":"$$EventMessageConfirm","confirm":"53a9a493-739a-4d11-83e3-ecc166efae2f","ts":"2026-09-09T06:05:19.765-04:00","source":{"id":"0","name":"eventBus"}}
{"__type":"$$EventMessageAudit","id":"70fa1fca-fd51-41ee-86fe-35683c0d0945","ts":"2026-09-09T06:07:49.975-04:00","eventName":"n8n.audit.workflow.executed","message":"n8n.audit.workflow.executed","payload":{"workflowId":"fC5E99z5uUn0fKjT","workflowName":"Accisense alert","executionId":"27","projectId":"VPeJW2ayhoZgotkV","projectName":"ANURAG SHARMA <anurag.25scse1180671@galgotiasuniversity.ac.in>","source":"webhook"}}
{"__type":"$$EventMessageConfirm","confirm":"70fa1fca-fd51-41ee-86fe-35683c0d0945","ts":"2026-09-09T06:07:49.975-04:00","source":{"id":"0","name":"eventBus"}}
{"__type":"$$EventMessageWorkflow","id":"161eb629-e090-4c7f-ad52-382a2249d3a3","ts":"2026-09-09T06:07:49.978-04:00","eventName":"n8n.workflow.started","message":"n8n.workflow.started","payload":{"executionId":"27","workflowId":"fC5E99z5uUn0fKjT","isManual":false,"mode":"manual","workflowName":"Accisense alert","projectId":"VPeJW2ayhoZgotkV","projectName":"ANURAG SHARMA <anurag.25scse1180671@galgotiasuniversity.ac.in>"}}
{"__type":"$$EventMessageConfirm","confirm":"161eb629-e090-4c7f-ad52-382a2249d3a3","ts":"2026-09-09T06:07:49.979-04:00","source":{"id":"0","name":"eventBus"}}
{"__type":"$$EventMessageNode","id":"407c9e9c-3c41-46be-ad44-0e472ab300bf","ts":"2026-09-09T06:07:49.992-04:00","eventName":"n8n.node.started","message":"n8n.node.started","payload":{"workflowId":"fC5E99z5uUn0fKjT","workflowName":"Accisense alert","executionId":"27","nodeType":"n8n-nodes-base.webhook","nodeName":"Webhook","nodeId":"1132293c-0068-4318-83d9-b3883ab01b5a"}}
{"__type":"$$EventMessageConfirm","confirm":"407c9e9c-3c41-46be-ad44-0e472ab300bf","ts":"2026-09-09T06:07:49.992-04:00","source":{"id":"0","name":"eventBus"}}
{"__type":"$$EventMessageNode","id":"e305aadb-577b-455b-bbc4-3ee463547cf5","ts":"2026-09-09T06:07:49.994-04:00","eventName":"n8n.node.finished","message":"n8n.node.finished","payload":{"workflowId":"fC5E99z5uUn0fKjT","workflowName":"Accisense alert","executionId":"27","nodeType":"n8n-nodes-base.webhook","nodeName":"Webhook","nodeId":"1132293c-0068-4318-83d9-b3883ab01b5a"}}
{"__type":"$$EventMessageConfirm","confirm":"e305aadb-577b-455b-bbc4-3ee463547cf5","ts":"2026-09-09T06:07:49.994-04:00","source":{"id":"0","name":"eventBus"}}
{"__type":"$$EventMessageNode","id":"50d345df-6402-4ccc-82fe-a328c8aaa8be","ts":"2026-09-09T06:07:49.995-04:00","eventName":"n8n.node.started","message":"n8n.node.started","payload":{"workflowId":"fC5E99z5uUn0fKjT","workflowName":"Accisense alert","executionId":"27","nodeType":"n8n-nodes-base.if","nodeName":"If","nodeId":"ae47ab65-f8eb-415b-aafc-fa2cf54d58f9"}}
{"__type":"$$EventMessageConfirm","confirm":"50d345df-6402-4ccc-82fe-a328c8aaa8be","ts":"2026-09-09T06:07:49.995-04:00","source":{"id":"0","name":"eventBus"}}
{"__type":"$$EventMessageNode","id":"cb3b3b5e-0687-4037-944b-824b1a9b3790","ts":"2026-09-09T06:07:50.010-04:00","eventName":"n8n.node.finished","message":"n8n.node.finished","payload":{"workflowId":"fC5E99z5uUn0fKjT","workflowName":"Accisense alert","executionId":"27","nodeType":"n8n-nodes-base.if","nodeName":"If","nodeId":"ae47ab65-f8eb-415b-aafc-fa2cf54d58f9"}}
{"__type":"$$EventMessageConfirm","confirm":"cb3b3b5e-0687-4037-944b-824b1a9b3790","ts":"2026-09-09T06:07:50.010-04:00","source":{"id":"0","name":"eventBus"}}
{"__type":"$$EventMessageNode","id":"db1247d4-e14e-4e86-b754-21f3bf239bab","ts":"2026-09-09T06:07:50.011-04:00","eventName":"n8n.node.started","message":"n8n.node.started","payload":{"workflowId":"fC5E99z5uUn0fKjT","workflowName":"Accisense alert","executionId":"27","nodeType":"n8n-nodes-base.httpRequest","nodeName":"Create Incident","nodeId":"a8982d80-dd7c-4b50-bcc1-9774d5030e50"}}
{"__type":"$$EventMessageConfirm","confirm":"db1247d4-e14e-4e86-b754-21f3bf239bab","ts":"2026-09-09T06:07:50.011-04:00","source":{"id":"0","name":"eventBus"}}
{"__type":"$$EventMessageNode","id":"e0769ad6-8f10-439f-9b13-b603879d7a8d","ts":"2026-09-09T06:07:50.983-04:00","eventName":"n8n.node.finished","message":"n8n.node.finished","payload":{"workflowId":"fC5E99z5uUn0fKjT","workflowName":"Accisense alert","executionId":"27","nodeType":"n8n-nodes-base.httpRequest","nodeName":"Create Incident","nodeId":"a8982d80-dd7c-4b50-bcc1-9774d5030e50"}}
{"__type":"$$EventMessageConfirm","confirm":"e0769ad6-8f10-439f-9b13-b603879d7a8d","ts":"2026-09-09T06:07:50.983-04:00","source":{"id":"0","name":"eventBus"}}
{"__type":"$$EventMessageWorkflow","id":"615d345d-c932-493d-ac3c-2d0eab76d317","ts":"2026-09-09T06:07:50.991-04:00","eventName":"n8n.workflow.failed","message":"n8n.workflow.failed","payload":{"userId":"c17e4e51-fb03-4a49-8690-2eb153d72420","executionId":"27","success":false,"isManual":true,"mode":"manual","workflowId":"fC5E99z5uUn0fKjT","workflowName":"Accisense alert","projectId":"VPeJW2ayhoZgotkV","projectName":"ANURAG SHARMA <anurag.25scse1180671@galgotiasuniversity.ac.in>","lastNodeExecuted":"Create Incident","errorNodeType":"n8n-nodes-base.httpRequest","errorMessage":"The service was not able to process your request"}}
{"__type":"$$EventMessageConfirm","confirm":"615d345d-c932-493d-ac3c-2d0eab76d317","ts":"2026-09-09T06:07:50.991-04:00","source":{"id":"0","name":"eventBus"}}
{"__type":"$$EventMessageAudit","id":"95cee08e-0b16-40ff-ae5b-8892618c2dc0","ts":"2026-09-09T06:11:00.988-04:00","eventName":"n8n.audit.workflow.executed","message":"n8n.audit.workflow.executed","payload":{"userId":"c17e4e51-fb03-4a49-8690-2eb153d72420","_email":"anurag.25scse1180671@galgotiasuniversity.ac.in","_firstName":"ANURAG","_lastName":"SHARMA","globalRole":"global:owner","workflowId":"fC5E99z5uUn0fKjT","workflowName":"Accisense alert","executionId":"28","projectId":"VPeJW2ayhoZgotkV","projectName":"ANURAG SHARMA <anurag.25scse1180671@galgotiasuniversity.ac.in>","source":"user-manual"}}
{"__type":"$$EventMessageConfirm","confirm":"95cee08e-0b16-40ff-ae5b-8892618c2dc0","ts":"2026-09-09T06:11:00.989-04:00","source":{"id":"0","name":"eventBus"}}
{"__type":"$$EventMessageWorkflow","id":"a84f5c38-4c39-4855-8460-0cf73296eaa4","ts":"2026-09-09T06:11:00.990-04:00","eventName":"n8n.workflow.started","message":"n8n.workflow.started","payload":{"executionId":"28","workflowId":"fC5E99z5uUn0fKjT","isManual":false,"mode":"manual","workflowName":"Accisense alert","projectId":"VPeJW2ayhoZgotkV","projectName":"ANURAG SHARMA <anurag.25scse1180671@galgotiasuniversity.ac.in>"}}
{"__type":"$$EventMessageConfirm","confirm":"a84f5c38-4c39-4855-8460-0cf73296eaa4","ts":"2026-09-09T06:11:00.990-04:00","source":{"id":"0","name":"eventBus"}}
{"__type":"$$EventMessageNode","id":"1face769-1e71-4993-b5cf-98e99b1e3f78","ts":"2026-09-09T06:11:01.018-04:00","eventName":"n8n.node.started","message":"n8n.node.started","payload":{"workflowId":"fC5E99z5uUn0fKjT","workflowName":"Accisense alert","executionId":"28","nodeType":"n8n-nodes-base.httpRequest","nodeName":"Create Incident","nodeId":"a8982d80-dd7c-4b50-bcc1-9774d5030e50"}}
{"__type":"$$EventMessageConfirm","confirm":"1face769-1e71-4993-b5cf-98e99b1e3f78","ts":"2026-09-09T06:11:01.018-04:00","source":{"id":"0","name":"eventBus"}}
{"__type":"$$EventMessageNode","id":"56eed5b3-21e2-4bea-8594-6346ad481375","ts":"2026-09-09T06:11:02.536-04:00","eventName":"n8n.node.finished","message":"n8n.node.finished","payload":{"workflowId":"fC5E99z5uUn0fKjT","workflowName":"Accisense alert","executionId":"28","nodeType":"n8n-nodes-base.httpRequest","nodeName":"Create Incident","nodeId":"a8982d80-dd7c-4b50-bcc1-9774d5030e50"}}
{"__type":"$$EventMessageConfirm","confirm":"56eed5b3-21e2-4bea-8594-6346ad481375","ts":"2026-09-09T06:11:02.536-04:00","source":{"id":"0","name":"eventBus"}}
{"__type":"$$EventMessageWorkflow","id":"0049e257-6f01-4053-b1f3-11aafc5da107","ts":"2026-09-09T06:11:02.545-04:00","eventName":"n8n.workflow.failed","message":"n8n.workflow.failed","payload":{"userId":"c17e4e51-fb03-4a49-8690-2eb153d72420","executionId":"28","success":false,"isManual":true,"mode":"manual","workflowId":"fC5E99z5uUn0fKjT","workflowName":"Accisense alert","projectId":"VPeJW2ayhoZgotkV","projectName":"ANURAG SHARMA <anurag.25scse1180671@galgotiasuniversity.ac.in>","lastNodeExecuted":"Create Incident","errorNodeType":"n8n-nodes-base.httpRequest","errorMessage":"The service was not able to process your request"}}
{"__type":"$$EventMessageConfirm","confirm":"0049e257-6f01-4053-b1f3-11aafc5da107","ts":"2026-09-09T06:11:02.545-04:00","source":{"id":"0","name":"eventBus"}}
{"__type":"$$EventMessageAudit","id":"271f86f2-7197-4745-bd2c-190984c71415","ts":"2026-09-09T06:14:28.408-04:00","eventName":"n8n.audit.workflow.executed","message":"n8n.audit.workflow.executed","payload":{"userId":"c17e4e51-fb03-4a49-8690-2eb153d72420","_email":"anurag.25scse1180671@galgotiasuniversity.ac.in","_firstName":"ANURAG","_lastName":"SHARMA","globalRole":"global:owner","workflowId":"fC5E99z5uUn0fKjT","workflowName":"Accisense alert","executionId":"29","projectId":"VPeJW2ayhoZgotkV","projectName":"ANURAG SHARMA <anurag.25scse1180671@galgotiasuniversity.ac.in>","source":"user-manual"}}
{"__type":"$$EventMessageConfirm","confirm":"271f86f2-7197-4745-bd2c-190984c71415","ts":"2026-09-09T06:14:28.408-04:00","source":{"id":"0","name":"eventBus"}}
{"__type":"$$EventMessageWorkflow","id":"bbf4573d-0908-47e8-839f-6b028ec9fc12","ts":"2026-09-09T06:14:28.409-04:00","eventName":"n8n.workflow.started","message":"n8n.workflow.started","payload":{"executionId":"29","workflowId":"fC5E99z5uUn0fKjT","isManual":false,"mode":"manual","workflowName":"Accisense alert","projectId":"VPeJW2ayhoZgotkV","projectName":"ANURAG SHARMA <anurag.25scse1180671@galgotiasuniversity.ac.in>"}}
{"__type":"$$EventMessageConfirm","confirm":"bbf4573d-0908-47e8-839f-6b028ec9fc12","ts":"2026-09-09T06:14:28.409-04:00","source":{"id":"0","name":"eventBus"}}
{"__type":"$$EventMessageNode","id":"9692410d-eca3-47c8-9c81-f239671db2e8","ts":"2026-09-09T06:14:28.427-04:00","eventName":"n8n.node.started","message":"n8n.node.started","payload":{"workflowId":"fC5E99z5uUn0fKjT","workflowName":"Accisense alert","executionId":"29","nodeType":"n8n-nodes-base.httpRequest","nodeName":"Create Incident","nodeId":"a8982d80-dd7c-4b50-bcc1-9774d5030e50"}}
{"__type":"$$EventMessageConfirm","confirm":"9692410d-eca3-47c8-9c81-f239671db2e8","ts":"2026-09-09T06:14:28.427-04:00","source":{"id":"0","name":"eventBus"}}
{"__type":"$$EventMessageNode","id":"e42ef3ea-311f-4191-8681-93a0d1061728","ts":"2026-09-09T06:14:29.621-04:00","eventName":"n8n.node.finished","message":"n8n.node.finished","payload":{"workflowId":"fC5E99z5uUn0fKjT","workflowName":"Accisense alert","executionId":"29","nodeType":"n8n-nodes-base.httpRequest","nodeName":"Create Incident","nodeId":"a8982d80-dd7c-4b50-bcc1-9774d5030e50"}}
{"__type":"$$EventMessageConfirm","confirm":"e42ef3ea-311f-4191-8681-93a0d1061728","ts":"2026-09-09T06:14:29.622-04:00","source":{"id":"0","name":"eventBus"}}
{"__type":"$$EventMessageWorkflow","id":"739bcbf5-09b4-4fbb-9e20-ce6d2a7103ba","ts":"2026-09-09T06:14:29.626-04:00","eventName":"n8n.workflow.success","message":"n8n.workflow.success","payload":{"userId":"c17e4e51-fb03-4a49-8690-2eb153d72420","executionId":"29","success":true,"isManual":true,"mode":"manual","workflowId":"fC5E99z5uUn0fKjT","workflowName":"Accisense alert","projectId":"VPeJW2ayhoZgotkV","projectName":"ANURAG SHARMA <anurag.25scse1180671@galgotiasuniversity.ac.in>"}}
{"__type":"$$EventMessageConfirm","confirm":"739bcbf5-09b4-4fbb-9e20-ce6d2a7103ba","ts":"2026-09-09T06:14:29.626-04:00","source":{"id":"0","name":"eventBus"}}
{"__type":"$$EventMessageAudit","id":"540fd2b4-c928-4da3-8e66-bbd2a35ef443","ts":"2026-09-09T06:14:49.274-04:00","eventName":"n8n.audit.workflow.executed","message":"n8n.audit.workflow.executed","payload":{"workflowId":"fC5E99z5uUn0fKjT","workflowName":"Accisense alert","executionId":"30","projectId":"VPeJW2ayhoZgotkV","projectName":"ANURAG SHARMA <anurag.25scse1180671@galgotiasuniversity.ac.in>","source":"webhook"}}
{"__type":"$$EventMessageConfirm","confirm":"540fd2b4-c928-4da3-8e66-bbd2a35ef443","ts":"2026-09-09T06:14:49.274-04:00","source":{"id":"0","name":"eventBus"}}
{"__type":"$$EventMessageWorkflow","id":"855fe7d7-344d-495e-84f4-264298ea6fbd","ts":"2026-09-09T06:14:49.275-04:00","eventName":"n8n.workflow.started","message":"n8n.workflow.started","payload":{"executionId":"30","workflowId":"fC5E99z5uUn0fKjT","isManual":false,"mode":"manual","workflowName":"Accisense alert","projectId":"VPeJW2ayhoZgotkV","projectName":"ANURAG SHARMA <anurag.25scse1180671@galgotiasuniversity.ac.in>"}}
{"__type":"$$EventMessageConfirm","confirm":"855fe7d7-344d-495e-84f4-264298ea6fbd","ts":"2026-09-09T06:14:49.275-04:00","source":{"id":"0","name":"eventBus"}}
{"__type":"$$EventMessageNode","id":"fede21fb-6bb9-4587-8ca0-3ea8ef3cf619","ts":"2026-09-09T06:14:49.296-04:00","eventName":"n8n.node.started","message":"n8n.node.started","payload":{"workflowId":"fC5E99z5uUn0fKjT","workflowName":"Accisense alert","executionId":"30","nodeType":"n8n-nodes-base.webhook","nodeName":"Webhook","nodeId":"1132293c-0068-4318-83d9-b3883ab01b5a"}}
{"__type":"$$EventMessageConfirm","confirm":"fede21fb-6bb9-4587-8ca0-3ea8ef3cf619","ts":"2026-09-09T06:14:49.296-04:00","source":{"id":"0","name":"eventBus"}}
{"__type":"$$EventMessageNode","id":"9781df0d-b480-418f-8173-d9b2a8a277c0","ts":"2026-09-09T06:14:49.297-04:00","eventName":"n8n.node.finished","message":"n8n.node.finished","payload":{"workflowId":"fC5E99z5uUn0fKjT","workflowName":"Accisense alert","executionId":"30","nodeType":"n8n-nodes-base.webhook","nodeName":"Webhook","nodeId":"1132293c-0068-4318-83d9-b3883ab01b5a"}}
{"__type":"$$EventMessageConfirm","confirm":"9781df0d-b480-418f-8173-d9b2a8a277c0","ts":"2026-09-09T06:14:49.297-04:00","source":{"id":"0","name":"eventBus"}}
{"__type":"$$EventMessageNode","id":"9c338078-08f5-4d75-81a4-e9b540f31434","ts":"2026-09-09T06:14:49.298-04:00","eventName":"n8n.node.started","message":"n8n.node.started","payload":{"workflowId":"fC5E99z5uUn0fKjT","workflowName":"Accisense alert","executionId":"30","nodeType":"n8n-nodes-base.if","nodeName":"If","nodeId":"ae47ab65-f8eb-415b-aafc-fa2cf54d58f9"}}
{"__type":"$$EventMessageConfirm","confirm":"9c338078-08f5-4d75-81a4-e9b540f31434","ts":"2026-09-09T06:14:49.298-04:00","source":{"id":"0","name":"eventBus"}}
{"__type":"$$EventMessageNode","id":"0f0d4404-34b2-4328-93a1-65cbad8da00b","ts":"2026-09-09T06:14:49.309-04:00","eventName":"n8n.node.finished","message":"n8n.node.finished","payload":{"workflowId":"fC5E99z5uUn0fKjT","workflowName":"Accisense alert","executionId":"30","nodeType":"n8n-nodes-base.if","nodeName":"If","nodeId":"ae47ab65-f8eb-415b-aafc-fa2cf54d58f9"}}
{"__type":"$$EventMessageConfirm","confirm":"0f0d4404-34b2-4328-93a1-65cbad8da00b","ts":"2026-09-09T06:14:49.310-04:00","source":{"id":"0","name":"eventBus"}}
{"__type":"$$EventMessageNode","id":"9cc487b5-dd88-4eb6-bb4a-136ee1c8f363","ts":"2026-09-09T06:14:49.311-04:00","eventName":"n8n.node.started","message":"n8n.node.started","payload":{"workflowId":"fC5E99z5uUn0fKjT","workflowName":"Accisense alert","executionId":"30","nodeType":"n8n-nodes-base.httpRequest","nodeName":"Create Incident","nodeId":"a8982d80-dd7c-4b50-bcc1-9774d5030e50"}}
{"__type":"$$EventMessageConfirm","confirm":"9cc487b5-dd88-4eb6-bb4a-136ee1c8f363","ts":"2026-09-09T06:14:49.312-04:00","source":{"id":"0","name":"eventBus"}}
{"__type":"$$EventMessageNode","id":"77cb4236-878c-46c8-9599-d5b9db7d2d95","ts":"2026-09-09T06:14:50.470-04:00","eventName":"n8n.node.finished","message":"n8n.node.finished","payload":{"workflowId":"fC5E99z5uUn0fKjT","workflowName":"Accisense alert","executionId":"30","nodeType":"n8n-nodes-base.httpRequest","nodeName":"Create Incident","nodeId":"a8982d80-dd7c-4b50-bcc1-9774d5030e50"}}
{"__type":"$$EventMessageConfirm","confirm":"77cb4236-878c-46c8-9599-d5b9db7d2d95","ts":"2026-09-09T06:14:50.470-04:00","source":{"id":"0","name":"eventBus"}}
{"__type":"$$EventMessageNode","id":"0442a730-2fa3-406c-826c-6830abf1c3d6","ts":"2026-09-09T06:14:50.471-04:00","eventName":"n8n.node.started","message":"n8n.node.started","payload":{"workflowId":"fC5E99z5uUn0fKjT","workflowName":"Accisense alert","executionId":"30","nodeType":"n8n-nodes-base.telegram","nodeName":"Send Alert","nodeId":"7c481263-5942-4621-a0e8-799c9e1a6335"}}
{"__type":"$$EventMessageConfirm","confirm":"0442a730-2fa3-406c-826c-6830abf1c3d6","ts":"2026-09-09T06:14:50.471-04:00","source":{"id":"0","name":"eventBus"}}
{"__type":"$$EventMessageNode","id":"8b29a415-3d59-4c16-aedd-9e5c607cec5f","ts":"2026-09-09T06:14:51.496-04:00","eventName":"n8n.node.finished","message":"n8n.node.finished","payload":{"workflowId":"fC5E99z5uUn0fKjT","workflowName":"Accisense alert","executionId":"30","nodeType":"n8n-nodes-base.telegram","nodeName":"Send Alert","nodeId":"7c481263-5942-4621-a0e8-799c9e1a6335"}}
{"__type":"$$EventMessageConfirm","confirm":"8b29a415-3d59-4c16-aedd-9e5c607cec5f","ts":"2026-09-09T06:14:51.496-04:00","source":{"id":"0","name":"eventBus"}}
{"__type":"$$EventMessageNode","id":"2cd1b86a-9189-47a2-8693-ce8441622933","ts":"2026-09-09T06:14:51.497-04:00","eventName":"n8n.node.started","message":"n8n.node.started","payload":{"workflowId":"fC5E99z5uUn0fKjT","workflowName":"Accisense alert","executionId":"30","nodeType":"n8n-nodes-base.supabase","nodeName":"Create a row","nodeId":"00c26655-3a8f-471e-a1e0-49c908b3a937"}}
{"__type":"$$EventMessageConfirm","confirm":"2cd1b86a-9189-47a2-8693-ce8441622933","ts":"2026-09-09T06:14:51.497-04:00","source":{"id":"0","name":"eventBus"}}
{"__type":"$$EventMessageNode","id":"7ecd93d4-feb7-497f-b81c-fb78200237bf","ts":"2026-09-09T06:14:52.009-04:00","eventName":"n8n.node.finished","message":"n8n.node.finished","payload":{"workflowId":"fC5E99z5uUn0fKjT","workflowName":"Accisense alert","executionId":"30","nodeType":"n8n-nodes-base.supabase","nodeName":"Create a row","nodeId":"00c26655-3a8f-471e-a1e0-49c908b3a937"}}
{"__type":"$$EventMessageConfirm","confirm":"7ecd93d4-feb7-497f-b81c-fb78200237bf","ts":"2026-09-09T06:14:52.009-04:00","source":{"id":"0","name":"eventBus"}}
{"__type":"$$EventMessageNode","id":"5706fc71-3b86-466c-9188-db509e1a62fc","ts":"2026-09-09T06:14:52.010-04:00","eventName":"n8n.node.started","message":"n8n.node.started","payload":{"workflowId":"fC5E99z5uUn0fKjT","workflowName":"Accisense alert","executionId":"30","nodeType":"n8n-nodes-base.telegram","nodeName":"Send confirmation/log","nodeId":"c744bd15-731f-4fc0-b570-38a032a54b24"}}
{"__type":"$$EventMessageConfirm","confirm":"5706fc71-3b86-466c-9188-db509e1a62fc","ts":"2026-09-09T06:14:52.010-04:00","source":{"id":"0","name":"eventBus"}}
{"__type":"$$EventMessageNode","id":"792f81f4-6a0b-43b7-85f6-ca8665d51295","ts":"2026-09-09T06:14:52.973-04:00","eventName":"n8n.node.finished","message":"n8n.node.finished","payload":{"workflowId":"fC5E99z5uUn0fKjT","workflowName":"Accisense alert","executionId":"30","nodeType":"n8n-nodes-base.telegram","nodeName":"Send confirmation/log","nodeId":"c744bd15-731f-4fc0-b570-38a032a54b24"}}
{"__type":"$$EventMessageConfirm","confirm":"792f81f4-6a0b-43b7-85f6-ca8665d51295","ts":"2026-09-09T06:14:52.973-04:00","source":{"id":"0","name":"eventBus"}}
{"__type":"$$EventMessageWorkflow","id":"2a16beec-fc28-4427-821a-4d831657c821","ts":"2026-09-09T06:14:52.978-04:00","eventName":"n8n.workflow.success","message":"n8n.workflow.success","payload":{"userId":"c17e4e51-fb03-4a49-8690-2eb153d72420","executionId":"30","success":true,"isManual":true,"mode":"manual","workflowId":"fC5E99z5uUn0fKjT","workflowName":"Accisense alert","projectId":"VPeJW2ayhoZgotkV","projectName":"ANURAG SHARMA <anurag.25scse1180671@galgotiasuniversity.ac.in>"}}
{"__type":"$$EventMessageConfirm","confirm":"2a16beec-fc28-4427-821a-4d831657c821","ts":"2026-09-09T06:14:52.978-04:00","source":{"id":"0","name":"eventBus"}}
